ARM Linker, 5.03 [Build 24] [MDK-ARM Lite]

==============================================================================

Section Cross References

    add32.o(RESET) refers to add32.o(mycode) for Reset_Handler
    add32.o(mycode) refers to add32.o(MYDATA) for RES


==============================================================================

Image Symbol Table

    Local Symbols

    Symbol Name                              Value     Ov Type        Size  Object(Section)

    RESET                                    0x00000000   Section        8  add32.o(RESET)
    ADD32.asm                                0x00000000   Number         0  add32.o ABSOLUTE
    mycode                                   0x00000008   Section       80  add32.o(mycode)
    SRC                                      0x0000002c   Data          36  add32.o(mycode)
    MYDATA                                   0x10000000   Section        8  add32.o(MYDATA)
    RES                                      0x10000000   Data           8  add32.o(MYDATA)

    Global Symbols

    Symbol Name                              Value     Ov Type        Size  Object(Section)

    BuildAttributes$$THM_ISAv4$P$D$K$B$S$PE$A:L22UL41UL21$X:L11$S22US41US21$IEEE1$IW$USESV6$~STKCKD$USESV7$~SHL$OSPACE$EBA8$STANDARDLIB$PRES8$EABIv2 0x00000000   Number         0  anon$$obj.o ABSOLUTE
    __Vectors                                0x00000000   Data           0  add32.o(RESET)
    Reset_Handler                            0x00000009   Thumb Code     0  add32.o(mycode)



==============================================================================

Memory Map of the image

  Image Entry point : 0x00000009

  Load Region LR_1 (Base: 0x00000000, Size: 0x00000060, Max: 0xffffffff, ABSOLUTE)

    Execution Region ER_RO (Base: 0x00000000, Size: 0x00000058, Max: 0xffffffff, ABSOLUTE)

    Base Addr    Size         Type   Attr      Idx    E Section Name        Object

    0x00000000   0x00000008   Data   RO            1    RESET               add32.o
    0x00000008   0x00000050   Code   RO            2  * mycode              add32.o


    Execution Region ER_RW (Base: 0x10000000, Size: 0x00000008, Max: 0xffffffff, ABSOLUTE)

    Base Addr    Size         Type   Attr      Idx    E Section Name        Object

    0x10000000   0x00000008   Data   RW            3    MYDATA              add32.o


    Execution Region ER_ZI (Base: 0x10000008, Size: 0x00000000, Max: 0xffffffff, ABSOLUTE)

    **** No section assigned to this execution region ****


==============================================================================

Image component sizes


      Code (inc. data)   RO Data    RW Data    ZI Data      Debug   Object Name

        80         46          8          8          0        192   add32.o

    ----------------------------------------------------------------------
        80         46          8          8          0        192   Object Totals
         0          0          0          0          0          0   (incl. Generated)
         0          0          0          0          0          0   (incl. Padding)

    ----------------------------------------------------------------------
         0          0          0          0          0          0   Library Totals
         0          0          0          0          0          0   (incl. Padding)

    ----------------------------------------------------------------------

==============================================================================


      Code (inc. data)   RO Data    RW Data    ZI Data      Debug   

        80         46          8          8          0        192   Grand Totals
        80         46          8          8          0        192   ELF Image Totals
        80         46          8          8          0          0   ROM Totals

==============================================================================

    Total RO  Size (Code + RO Data)                   88 (   0.09kB)
    Total RW  Size (RW Data + ZI Data)                 8 (   0.01kB)
    Total ROM Size (Code + RO Data + RW Data)         96 (   0.09kB)

==============================================================================

