


ARM Macro Assembler    Page 1 


    1 00000000                 AREA             RESET, DATA, READONLY
    2 00000000                 EXPORT           __Vectors
    3 00000000         __Vectors
    4 00000000 40001000        DCD              0x40001000  ; stack pointer val
                                                            ue when stack is em
                                                            pty
    5 00000004 00000000        DCD              Reset_Handler ; reset vector
    6 00000008                 ALIGN
    7 00000008                 AREA             RESET, DATA, READONLY
    8 00000008                 EXPORT           __Vectors
    9 00000008 00000000        DCD              Reset_Handler ; reset vector
   10 0000000C                 ALIGN
   11 0000000C                 AREA             mycode, CODE, READONLY
   12 00000000                 ENTRY
   13 00000000                 EXPORT           Reset_Handler
   14 00000000         Reset_Handler
   15 00000000 480C            LDR              R0,=NUM
   16 00000002 4B0D            LDR              R3,=RESULT
   17 00000004 7801            LDRB             R1,[R0]     ; load hex number i
                                                            nto register R1
   18 00000006 F001 020F       AND              R2,R1,#0x0F ; mask upper 4 bits
                                                            
   19 0000000A 2A09            CMP              R2,#09      ; compare the digit
                                                             with 09
   20 0000000C D301            BLO              DOWN        ; if it is lower th
                                                            an 9 then jump to d
                                                            own 
   21 0000000E F102 0207       ADD              R2,#07      ;else add 07 to tha
                                                            t number
   22 00000012         DOWN
   23 00000012 F102 0230       ADD              R2,#0x30    ; Add 30H to the nu
                                                            mber, Ascii value o
                                                            f first 
   24 00000016 705A            STRB             R2,[R3,#1]  ; digit
   25 00000018 F001 04F0       AND              R4,R1,#0xF0 ; Mask the second d
                                                            igit
   26 0000001C EA4F 1414       MOV              R4,R4,LSR#04 ; Shift right by 4
                                                             bits
   27 00000020 2C09            CMP              R4,#09      ; check for >9 or n
                                                            ot
   28 00000022 D301            BLO              DOWN1
   29 00000024 F104 0407       ADD              R4,#07
   30 00000028         DOWN1
   31 00000028 F104 0430       ADD              R4,#0x30    ; Ascii value of se
                                                            cond digit
   32 0000002C 701C            STRB             R4,[R3]
   33 0000002E E7FE    STOP    B                STOP
   34 00000030 0000003A 
                       NUM     DCD              0x000003A
   35 00000034 00000000 
              00000000         AREA             data, DATA, READWRITE
   36 00000000 00000000 
                       RESULT  DCD              0
   37 00000004                 END
Command Line: --debug --xref --cpu=Cortex-M3 --apcs=interwork --depend=ASCII.d 
-oASCII.o -IC:\Keil\ARM\RV31\INC -IC:\Keil\ARM\CMSIS\Include -IC:\Keil\ARM\Inc\
NXP\LPC177x_8x --predefine="__EVAL SETA 1" --list=ASCII.lst ASCII.ASM



ARM Macro Assembler    Page 1 Alphabetic symbol ordering
Relocatable symbols

RESET 00000000

Symbol: RESET
   Definitions
      At line 1 in file ASCII.ASM
   Uses
      None
Comment: RESET unused
__Vectors 00000000

Symbol: __Vectors
   Definitions
      At line 3 in file ASCII.ASM
   Uses
      At line 2 in file ASCII.ASM
      At line 8 in file ASCII.ASM

2 symbols



ARM Macro Assembler    Page 1 Alphabetic symbol ordering
Relocatable symbols

DOWN 00000012

Symbol: DOWN
   Definitions
      At line 22 in file ASCII.ASM
   Uses
      At line 20 in file ASCII.ASM
Comment: DOWN used once
DOWN1 00000028

Symbol: DOWN1
   Definitions
      At line 30 in file ASCII.ASM
   Uses
      At line 28 in file ASCII.ASM
Comment: DOWN1 used once
NUM 00000030

Symbol: NUM
   Definitions
      At line 34 in file ASCII.ASM
   Uses
      At line 15 in file ASCII.ASM
Comment: NUM used once
Reset_Handler 00000000

Symbol: Reset_Handler
   Definitions
      At line 14 in file ASCII.ASM
   Uses
      At line 5 in file ASCII.ASM
      At line 9 in file ASCII.ASM
      At line 13 in file ASCII.ASM

STOP 0000002E

Symbol: STOP
   Definitions
      At line 33 in file ASCII.ASM
   Uses
      At line 33 in file ASCII.ASM
Comment: STOP used once
mycode 00000000

Symbol: mycode
   Definitions
      At line 11 in file ASCII.ASM
   Uses
      None
Comment: mycode unused
6 symbols



ARM Macro Assembler    Page 1 Alphabetic symbol ordering
Relocatable symbols

RESULT 00000000

Symbol: RESULT
   Definitions
      At line 36 in file ASCII.ASM
   Uses
      At line 16 in file ASCII.ASM
Comment: RESULT used once
data 00000000

Symbol: data
   Definitions
      At line 35 in file ASCII.ASM
   Uses
      None
Comment: data unused
2 symbols
343 symbols in table
